// Jest Snapshot v1, https://goo.gl/fbAQLP

exports[`LeafCrop shall crop the image 1`] = `"fffffffffffffffffffffffffffffffffffffffffffffffffffffffffffffffffffffffffffffffffffffffffffffffffffffffffffffffffffffffffffffffffffffffffffffffffffffffffffffffffffffffffffffffffffffffffffffffffffffffffffffffffffffffffffffffffffffffffffffffffffffffffffffffffffffffffffffffffffffffffffffffffe00000000000000000000000000007ffe00000000000000000000000000007ffe7ffffffffffffffffffffffffffe7ffe7ffffffffffffffffffffffffffe7ffe7ffffffffffffffffffffffffffe7ffe7ffffffffffffffffffffffffffe7ffe7ffffffffffffffffffffffffffe7ffe7ffffffffffffffffffffffffffe7ffe7ffffffffffffffffffffffffffe7ffe7ffffffffffffffffffffffffffe7ffe7ffffffffffffffffffffffffffe7ffe7ffffffffffffffffffffffffffe7ffe7ffffffffffffffffffffffffffe7ffe7ffffffffffffffffffffffffffe7ffe7ffffffffffffffffffffffffffe7ffe7ffffffffffffffffffffffffffe7ffe7ffffffffffffffffffffffffffe7ffe7ffffffffffffffffffffffffffe7ffe7ffffffffffffffffffffffffffe7ffe7ffffffffffffffffffffffffffe7ffe7ffffffffffffffffffffffffffe7ffe7ffffffffffffffffffffffffffe7ffe7ffffffffffffffffffffffffffe7ffe7ffffffffffffffffffffffffffe7ffe7ffffffffffffffffffffffffffe7ffe7ffffffffffffffffffffffffffe7ffe7ffffffffffffffffffffffffffe7ffe7ffffffffffffffffffffffffffe7ffe7ffffffffffffffffffffffffffe7ffe7ffffffffffffffffffffffffffe7ffe7ffffffffffffffffffffffffffe7ffe7ffffffffffffffffffffffffffe7ffe7ffffffffffffffffffffffffffe7ffe7ffffffffffffffffffffffffffe7ffe7ffffffffffffffffffffffffffe7ffe7ffffffffffffffffffffffffffe7ffe7ffffffffffffffffffffffffffe7ffe7ffffffffffffffffffffffffffe7ffe7ffffffffffffffffffffffffffe7ffe7ffffffffffffffffffffffffffe7ffe7ffffffffffffffffffffffffffe7ffe7ffffffffffffffffffffffffffe7ffe7ffffffffffffffffffffffffffe7ffe7ffffffffffffffffffffffffffe7ffe7ffffffffffffffffffffffffffe7ffe7ffffffffffffffffffffffffffe7ffe7ffffffffffffffffffffffffffe7ffe7ffffffffffffffffffffffffffe7ffe7ffffffffffffffffffffffffffe7ffe7ffffffffffffffffffffffffffe7ffe7ffffffffffffffffffffffffffe7ffe7ffffffffffffffffffffffffffe7ffe7ffffffffffffffffffffffffffe7ffe7ffffffffffffffffffffffffffe7ffe7ffffffffffffffffffffffffffe7ffe7ffffffffffffffffffffffffffe7ffe7ffffffffffffffffffffffffffe7ffe7ffffffffffffffffffffffffffe7ffe7ffffffffffffffffffffffffffe7ffe7ffffffffffffffffffffffffffe7ffe7ffffffffffffffffffffffffffe7ffe7ffffffffffffffffffffffffffe7ffe7ffffffffffffffffffffffffffe7ffe7ffffffffffffffffffffffffffe7ffe7ffffffffffffffffffffffffffe7ffe7ffffffffffffffffffffffffffe7ffe7ffffffffffffffffffffffffffe7ffe7ffffffffffffffffffffffffffe7ffe7ffffffffffffffffffffffffffe7ffe7ffffffffffffffffffffffffffe7ffe7ffffffffffffffffffffffffffe7ffe7ffffffffffffffffffffffffffe7ffe7ffffffffffffffffffffffffffe7ffe7ffffffffffffffffffffffffffe7ffe7ffffffffffffffffffffffffffe7ffe7ffffffffffffffffffffffffffe7ffe7ffffffffffffffffffffffffffe7ffe7ffffffffffffffffffffffffffe7ffe7ffffffffffffffffffffffffffe7ffe7ffffffffffffffffffffffffffe7ffe7ffffffffffffffffffffffffffe7ffe7ffffffffffffffffffffffffffe7ffe7ffffffffffffffffffffffffffe7ffe7ffffffffffffffffffffffffffe7ffe7ffffffffffffffffffffffffffe7ffe7ffffffffffffffffffffffffffe7ffe7ffffffffffffffffffffffffffe7ffe7ffffffffffffffffffffffffffe7ffe7ffffffffffffffffffffffffffe7ffe7ffffffffffffffffffffffffffe7ffe7ffffffffffffffffffffffffffe7ffe7ffffffffffffffffffffffffffe7ffe7ffffffffffffffffffffffffffe7ffe7ffffffffffffffffffffffffffe7ffe7ffffffffffffffffffffffffffe7ffe7ffffffffffffffffffffffffffe7ffe7ffffffffffffffffffffffffffe7ffe7ffffffffffffffffffffffffffe7ffe7ffffffffffffffffffffffffffe7ffe7ffffffffffffffffffffffffffe7ffe7ffffffffffffffffffffffffffe7ffe7ffffffffffffffffffffffffffe7ffe7ffffffffffffffffffffffffffe7ffe7ffffffffffffffffffffffffffe7ffe7ffffffffffffffffffffffffffe7ffe7ffffffffffffffffffffffffffe7ffe7ffffffffffffffffffffffffffe7ffe7ffffffffffffffffffffffffffe7ffe00000000000000000000000000007ffe00000000000000000000000000007fffffffffffffffffffffffffffffffffffffffffffffffffffffffffffffffffffffffffffffffffffffffffffffffffffffffffffffffffffffffffffffffffffffffffffffffffffffffffffffffffffffffffffffffffffffffffffffffffffffffffffffffffffffffffffffffffffffffffffffffffffffffffffffffffffffffffffffffffffffffffffffffff"`;

exports[`LeafCrop shall merge bounding boxes 1`] = `"fffffffffffffffffffffffffffffffffffffffffffffffffffffffffffffffffffffffffffffffffffffffffffffffffffffffffffffffffffffffffffffffffffffffffffffffffffffffffffffffffffffffffffffffffffffffffffffffffffffffffffffffffffffffffffffffffe00007ffffffffffffffffffffffffffe00007ffffffffffffffffffffffffffe7ffe7ffffffffffffffffffffffffffe7ffe7ffffffffffffffffffffffffffe7ffe7ffffffffffffffffffffffffffe7ffe7ffffffffffffffffffffffffffe7ffe7ffffffffffffffffffffffffffe7ffe7ffffffffffffffffffffffffffe7ffe7ffffffffffffffffffffffffffe7ffe7ffffffffffffffffffffffffffe7ffe7ffffffffffffffffffffffffffe7ffe7ffffffffffffffffffffffffffe7ffe7ffffffffffffffffffffffffffe7ffe7ffffffffffffffffffffffffffe7ffe7ffffffffffffffffffffffffffe7ffe7ffffffffffffffffffffffffffe7ffe7ffffffffffffffffffffffffffe7ffe7ffffffffffffffffffffffffffe7ffe7ffffffffffffffffffffffffffe7ffe7ffffffffffffffffffffffffffe7ffe7ffffffffffffffffffffffffffe7ffe7ffffffffffffffffffffffffffe7ffe7ffffffffffffffffffffffffffe7ffe7ffffffffffffffffffffffffffe7ffe7ffffffffffffffffffffffffffe7ffe7ffffffffffffffffffffffffffe7ffe7ffffffffffffffffffffffffffe7ffe7ffffffffffffffffffffffffffe7ffe7ffffffffffffffffffffffffffe7ffe7ffffffffffffffffffffffffffe7ffe7ffffffffffffffffffffffffffe00007ffffffffffffffffffffffffffe00007ffffffffffffffffffffffffffffffffffffffffffffffffffffffffffffffffffffffffffffffffffffffffffffffffffffffffffffffffffffffffffffffffffffffffffffffffffffffffffffffffffffffffffffffffffffffffffffffffffffffffffffffffffffffffffffffffffffffffffffffffffffffffffffffffffffffffffffffffffffffffffffffffffffffffffffffffffffffffffffffffffffffffffffffffffffffffffffffffffffffffffffffffffffffffffffffffffffffffffffffffffffffffffffffffffffffffffffffffffffffffffffffffffffffffffffffffffffffffffffffffffffffffffffffffffffffffffffffffffffffffffffffffffffffffffffffffffffffffffffffffffffffffffffffffffffffffffffffffffffffffffffffffffffffffffffffffffffffffffffffffffffffffffffffffffffffffffffffffffffffffffffffffffffffffffffffffffffffffffffffffffffffffffffffffffffffffffffffffffffffffffffffffffffffffffffffffffffffffffffffffffffffffffffffffffffffffffffffffffffffffffffffffffffffffffffffffffffffffffffffffffffffffffffffffffffffffffffffffffffffffffffffffffffffffffffffffffffffffffffffffffffffffffffffffffffffffffffffffffffffffffffffffffffffffffffffffffffffffffffffffffffffffffffffffffffffffffffffffffffffffffffffffffffffffffffffffffffffffffffffffffffffffffffffffffffffffffffffffffffffffffffffffffffffffffffffffffffffffffffffffffffffffffffffffffffffffffffffffffffffffffffffffffffffffffffffffffffffffffffffffffffffffffffffffffffffffffffffffffffffffffffffffffffffffffffffffffffffffffffffffffffffffffffffffffffffffffffffffffffffffffffffffffffffffffffffffffffffffffffffffffffffffffffffffffffffffffffffffffffffffffffffffffffffffffffffffffffffffffffffffffffffffffffffffffffffffffffffffffffffffffffffffffffffffffffffffffffffffffffffffffffffffffffffffffffffffffffffffffffffffffffffffffffffffffffffffffffffffffffffffffffffffffffffffffffffffffffffffffffffffffffffffffffffffffffffffffffffffffffffffffffffffffffffffffffffffffffffffffffffffffffffffffffffffffffffffffffffffffffffffffffffffffffffffffffffffffffffffffffffffffffffffffffffffffffffffffffffffffffffffffffffffffffffffffffffffffffffffffffffffffffffffffffffffffffffffffffffffffffffffffffffffffffffffffffffffffffffffffffffffffffffffffffffffffffffffffffffffffffffffffffffffffffffffffffffffffffffffffffffffffffffffffffffffffffffffffffffffffffffffffffffffffffffffffffffffffffffffffffffffffffffffffffffffffffffffffffffffffffffffffffffffffffffffffffffffffffffffffffffffffffffffffffffffffffffffffffffffffffffffffffffffffffffffffffffffffffffffffffffffffffffffffffffffffffffffffffffffffffffffffffffffffffffffffffffffffffffffffffffffffffffffffffffffffffffffffffffffffffffffffffffffffffffffffffffffffffffffffffffffffffffffffffffffffffffffffffff87ffffffffffffffffffffffffffffff87ffffffffffffffffffffffffffffff87fffffffffffffffffffffffffffffffffffffffffffffffffffffffffffffffffffffffffffffffffffffffffffffffffffffffffffffffffffffffffffffffffffffffffffffffffffffffffffffffffffffffffffffffffffffffffffffffffffffffffffffffffffffffffffffffff"`;

exports[`LeafCrop with empty bounding box shall return the entire image 1`] = `"ffffffffffffffffffffffffffffffffffffffffffffffffffffffffffffffffffffffffffffffffffffffffffffffffffffffffffffffffffffffffffffffffffffffffffffffffffffffffffffffffffffffffffffffffffffffffffffffffffffffffffffffffffffffffffffffffffffffffffffffffffffffffffffffffffffffffffffffffffffffffffffffffffffffffffffffffffffffffffffffffffffffffffffffffffffffffffffffffffffffffffffffffffffffffffffffffff80000000000000007fffffffffffffff80000000000000007fffffffffffffff9fffffffffffffff7fffffffffffffff9fffffffffffffff7fffffffffffffff9fffffffffffffff7fffffffffffffff9fffffffffffffff7fffffffffffffff9fffffffffffffff7fffffffffffffff9fffffffffffffff7fffffffffffffff9fffffffffffffff7fffffffffffffff9fffffffffffffff7fffffffffffffff9fffffffffffffff7fffffffffffffff9fffffffffffffff7fffffffffffffff9fffffffffffffff7fffffffffffffff9fffffffffffffff7fffffffffffffff9fffffffffffffff7fffffffffffffff9fffffffffffffff7fffffffffffffff9fffffffffffffff7fffffffffffffff9fffffffffffffff7fffffffffffffff9fffffffffffffff7fffffffffffffff9fffffffffffffff7fffffffffffffff9fffffffffffffff7fffffffffffffff9fffffffffffffff7fffffffffffffff9fffffffffffffff7fffffffffffffff9fffffffffffffff7fffffffffffffff9fffffffffffffff7fffffffffffffff9fffffffffffffff7fffffffffffffff9fffffffffffffff7fffffffffffffff9fffffffffffffff7fffffffffffffff9fffffffffffffff7fffffffffffffff9fffffffffffffff7fffffffffffffff9fffffffffffffff7fffffffffffffff9fffffffffffffff7fffffffffffffff9fffffffffffffff7fffffffffffffff9fffffffffffffff7fffffffffffffff9fffffffffffffff7fffffffffffffff9fffffffffffffff7fffffffffffffff9fffffffffffffff7fffffffffffffff9fffffffffffffff7fffffffffffffff9fffffffffffffff7fffffffffffffff9fffffffffffffff7fffffffffffffff9fffffffffffffff7fffffffffffffff9fffffffffffffff7fffffffffffffff9fffffffffffffff7fffffffffffffff9fffffffffffffff7fffffffffffffff9fffffffffffffff7fffffffffffffff9fffffffffffffff7fffffffffffffff9fffffffffffffff7fffffffffffffff9fffffffffffffff7fffffffffffffff9fffffffffffffff7fffffffffffffff9fffffffffffffff7fffffffffffffff9fffffffffffffff7fffffffffffffff9fffffffffffffff7fffffffffffffff9fffffffffffffff7fffffffffffffff9fffffffffffffff7fffffffffffffff9fffffffffffffff7fffffffffffffff9fffffffffffffff7fffffffffffffff9fffffffffffffff7fffffffffffffff9fffffffffffffff7fffffffffffffff9fffffffffffffff7fffffffffffffff9fffffffffffffff7fffffffffffffff9fffffffffffffff7fffffffffffffff9fffffffffffffff7fffffffffffffff9fffffffffffffff7fffffffffffffff9fffffffffffffff7fffffffffffffff9fffffffffffffff7fffffffffffffff9fffffffffffffff7fffffffffffffff9fffffffffffffff7fffffffffffffff9fffffffffffffff7fffffffffffffff9fffffffffffffff7fffffffffffffff9fffffffffffffff7fffffffffffffff9fffffffffffffff7fffffffffffffff9fffffffffffffff7fffffffffffffff9fffffffffffffff7fffffffffffffff9fffffffffffffff7fffffffffffffff9fffffffffffffff7fffffffffffffff80000000000000007ffffffffffffffffffffffffffffffffffffffffffffffffffffffffffffffffffffffffffffffffffffffffffffffffffffffffffffffffffffffffffffffffffffffffffffffffffffffffffffffffffffffffffffffffffffffffffffffffffffffffffffffffffffffffffffffffffffffffffffffffffffffffffffffffffffffffffffffffffffffffffffffffffffffffffffffffffffffffffffffffffffffffffffffffffffffffffffffffffffffffffffffffffffffffffffffffffffffffffffffffffffffffffffffffffffe3ffffffffffffffffffffffffffffffe3ffffffffffffffffffffffffffffffe3fffffffffffffffffffffffffffffffffffffffffffffffffffffffffffffffffffffffffffffffffffffffffffffffffffffffffffffffffffffffffffffffffffffffffffffffffffffffffffffffffffffffffffffffffffffffffffffffffffffffffffffffffffffffffffffffffffffffffffffffffffffffffffffffffffffffffffffffffffffffffffffffffffffffffffffffffffffffffffffffffffffffffffffffffffffffffffffffffffffffffffffffffffffffffffffffffffffffffffffffffffffffffffffffffffffffffffffffffffffffffffffffffffffffffffffffffffffffffffffffffffffffffffffffffffffffffffffffffffffffffffffffffffffffffffffffffffffffffffffffffffffffffffffffffffffffffffffffffffffffffffffffffffffffffffffffffffffffffffffffffffffffffffffffffffffffffffffffffffffffffffffffffffffffffffffffffffffffffffffffffffffffffffffffffffffffffffffffffffffffffffffffffffffffffffffffffffffffffffffffffffffff"`;
