// Jest Snapshot v1, https://goo.gl/fbAQLP

exports[`ColourModels shall decompose the image in HSV 1`] = `"fffffffffffffffffffffffffffffffffffffffffb2ffffffffffffffffffffffffffffffd1ffffffffffffffffffffffffffffff40bfdfffffffffffffffffffffffffe40012ffffffffff9ffffffffffffffe800013dffffffffe8ffffffffffffff8000010f6ffbffffdffffffffffffffd00000007fffefffe2cfffffffffffffc000000157fdffffdacfffffffffffff800000005fff7cff921dffffffffffff000000009dffffff0017fffffffffffe0000000087b93fff00033bfffffffff40000000025fe1ff400000ffffffffbdc000000004fdebfd4000007fffffff0ec000000000e364ff0000007fffffffcc000000000066c8f60000003fffffffc900000000000730fc8000003fffffffc200000000007fc2690000001fffffffd400000000000b60cb00000003ffffffa4000000000017814a0000000ffffffff0000000000015813000000003fffffff8000000000030b13a00000007ffffffd800000000002ae0420000000fffffffd800000000000850020000000fffffffe0000000000003a40c0000000dffffffc800000000000bf21c00000007ffffffe0000000000002e81400000007ffffff78000000000006b00400000007ffffffa0000000000007e13400000003ffffff88000000000049c40000000007ffffffe800000000002808b000000003ffffffe00000000000006a6000000003fe3ffffc000000001028fef800000003ff1ffffc00000000100bfe9400000003fffffffc00000000028df53c00000003ff7ffffc000000000066fbb800000007ff7ffff80000000000bded7c00000007ff7ffffc000000001a15f7f80000000fff7ffffc000000001033ffbc0000000fff7ffffc00000000004ffff00000000fff0ffffc00000000015d3f500000000fffdffffc0000000000adee980000000fff57fffe00000000005bd5c60000000fffdffffe00000000001f647a0000000fffbffffe00000000002f5a500000000ffffffffe000000000047ffe20000001ffffffffe00000000009bfe2c0000001fffffffff000000000041fdf10000001fffffffff80000000013bfffd0000001fffffffff8000000000bffffc0000003fffffffff8000000000dff7ff0000003fffffffffc0000000035fff7f0000007fffffffffe000000000dff7fdc000007fffffffffe0000000033ffffff000107ffffffffff00000000dfffffdf00013fffffffffff80000003de7fffffc001c7ffffffffffc00000005fffffffc000ffffffffffffc0000001cf7ffeff6000fffffffffffff00000024fdfffffe05ffffffffffffffc0000048fffffdfffffffffffffffffff000000067fffffffffffffffffffffffe8000081ffbf7bffffffffffffffffffdc000000ffffffffffffffffffffffffd400000fffffffffffffffffffffef3bf4000000173fa7bffffffffffffffdfbb800010c3dbf6ffffffffffffffff7bcbe0000007efedffffffffffffffffffbff0000443ff94fffffffffffffffff7f000000000fefe37ffffffffffffffffe0020000987ff3fffe3fffffffffffff000000007bffa1fe4207ffffffffe7bc00000000d7effffd00007fffffffff7800000000e7fe536000003ffffffffdd0000000002fffc6e000001fffffffdfe00000000076ffbb5000000ffffffffdc000000803dfff0ac0000007ffffffffc000000011ffffd780000007ffffffff80000004b65fffd780000003ffffffff000000003c9ffdff00000003ffffffff0000000034ffffce00000001fffffffe000000000c8ffb9c80000001fffffffe00000001733fffbc00000001ffffffee00000000e16fffcc00000000fffffffe00000000b7effff800000001ffffffbc000000001fcffff800000000fffffff000000000dfffffb000000000fffffff800000000fffffff000000000fffffffc00000000fbfffff400000000fffffff8000000007f7ffff600000000fffffff8000000007ffffff000000000fffffff8000000003dfffff400000000fffffff0000000007ffffffc00000000ffffffb8000000007fffffe4000000007ffffff8000000002fffffdc000000007ffffff8000000007ffffffc000000007ffffff0000000007fffffb8000000007ffff8500000000004fff788000000007ffffc10000000003fdfff10000000007ffffc00000000000bffffa4000000007ffffc10000000001fffffa4000000007ffffd00000000003dfeffb400000000fffffc00000000007dffffb0000000007ffffe000000000073ffffb400000000fffffe00000000007ffffff400000000fffffe0000000000dbfffff400000000fffffc00000000009fffffb600000001fffffe00000000001fdffffb00000001ffffff00000000005fffffbe00000001fffffec0000000003ffffffd00000001fffffe00000000007bffffff00000007fffffe1200000001f7fffffd00000007fffffc8000000001bfffffff80000007fffffc00000000036ffffffe80000007fffffa10000000004fffffffc000001ffffffe900000000fffffffff8000001ffffffc8000000009dfffffffe000003ffffff60800000003ffffffffe000103ffffff700200000027ffffffff800007ffffffd8010000021fffffffffc02d6ffffffff000000001d7ffffffffe03fffffffffc8180000049ffffffffffeb7ffffffff884d00000cbfffffffffffffffffffffa05900000affffffffffffffffffffff60180201affbffffffffffffffffffff902036801fffffffffffffffffffffff800010422ffffffffffffffffffffffe0000000003b7fffffffffffffffffff00000000000000001f963a836fffffff"`;

exports[`ColourModels shall decompose the image in HSV 2`] = `"ffffea64102883f7ffbffbfffffffffefffff42170040003e57fbbfefffffffcfffff40380000034bc8fdf5a9ffffffcfffffb0000000013f4eff99d07fffff8ffff200000000002c47ff80cfbfffff8ffffe04000000002217fba100cfffff0fff3c0000000000300ffe00001fffff8fffd86000000000300bb700000fffff8ffff84000000000101efa000003ffff8fff818000000000101cf4000003ffff8fffe10000000000003f58000001ffff8fff4100000000008003cc000001ffff8fffc200000000000003e0000000ffffdffecc0000000000021d40000000ffffffffb40400000000020588100060ffffdffefc070003c0000007501800f07ffffffbd80f800fc0000203981c01f03ffffffff01f800fc0000006101e01f81ffffffeb03fe01fe0000004301f01fc1fff7ffef03fe03ff0000000303f83fc2fffffeea07fe07ff0001000403f87fe1fffbfff607fe07ff8000002607fc7fc0dfebfffe07fe0fff8000004407fc7fe0fffbff7e07ff07ff8000004407fc3fe0fffbfebc0fff00ff8002000407fc7ff0fffbfdfc1fff81ff8000600c0ffeffe07fffffbc1fff83ff8004400c0ffeffe07fffffdc17ff83ffc001000c0fffffe0ffffff5c0ffd87ffc00600080ffffff07fefffdc0ffe07ffe00240080ffefff07fa7febc0ffe07ffc00060dc0ffefff03ed7ff7c1ffe0fff0000004c1ffffff8fe03fe481fff0ffe000482040fff3ff87e07fe581fff0ffe0001000c1fff3ff87e03fff80fff1ffe0001001c1fff3fe07e31fffc0fff01fe0000408c1fffbfe0fe70ffdc0fff81fc0000004c1ffd3fe17e73ffbc0ff801fc0001000e1ffe3fe07e73ffbc0ff800fc0000000e1ffe1fe0fe27ff7c0ff800fc0001204e0fff1fe0fe03bfac0ff80078200022060fff0fe07e03ffa40ff00078000020061fff0fe07e03ff860ff00078200060061fff8fe0fe00ffde07f00078200020071fff87c3ff01bf3e07e00078400010071fff87c1ff81fff707e00078400000079fff87c1ffc7ffc707c00078400080078ffc0383ff97ffff07c000788000600383fc0383ff97ffe78780007880010409c3fc0383ff97ffeb8700007880020101c3fc0387fff7fff1870000798001c001e3f80107fff7fff5c300007980002041e1f8010ffffffff4e200003300020211f1f8010fffb7fff96000003200008000b8f8001fffefffbf70000030000030003cf0003fffeffff778000030010085207cf0007ffff7fff7fc0000100001bd17eef000ffffffff8fae80002000001d07d76004ffffffffe7ff0000000080586823c003ffffffffdfbfc0010000401521a8fd0ffffffffff3fff80e040c01103992fffffffffffff7fffffc0010008880bc5fffffffffffefffadfe00f89c1005c03ffffffffffffffffdf7d6f833163d599fffffffffffa2c3707880682052003a4effffffffff8eb701f49019090002368fffffffffff8128007e4002000010519ffffffffffe1032803f400000002009065fffffffff003f0f062006000000180007fffffffe37f9e028800a400a107acdb1fffffffe82a7c0000000080b40038001dfffffffe3de000000401808048380003ffffffea24c000000072922000e00003fffffff4038000028216452008c00008ffffffbdc3000002004c0e8801800008ffffffe6ee000000026192000700000efffffff65c00000008123804e700000f7fffffeb08000000088609c04e00000f7ffffff71800000000831c43ec00000f3ffffff73000000000643c940c00001f3fffffe77006000003448ca41800003f9fffffe720060000007720a21800007f9ffffff0a00f000800f50fc03008007fdffffffee00f8008054a9b92300c00ffcffffff5c00f801c09a0c3b7e00f00ffeffffffb401fc03e01ea9fc4600f81ffeffffffbc01fc07e00ca0de6400fc1ffeffffff9c01fc0ff005e8c0e401fe1ffcffffffa801fe0ff00948647e03fe1ffcfffffff803fe1ff007481fec03ff1ffcffffffe801fe0ff044e5746c07ff1ffefffffff801ff0ff0047efc4c0fffbffe7fffffb801ff0fe01dfcedcc0fffbffe7ffffff800fe1fe0067bedcc0fffbffe7ffffff801fe1fe00e0f3dec0fffbfff7ffffff801fe3fe00e7e3fb80ffe7fff7fff400001fe3fc0000000080fff3fff7fff600001fe1fc0000000080fff0fff7fff300001fe0f80000000080fff0ffb7fff880001fe0fc0000020080fff1ff87fffc00001fe0fc0000000081fff1ff87fffe00001fe0fc0000000000fff1ffc7fffe80000fe0fc00000000c0fff1ffc7fffe00000fc0f80000000ac0fff1ffcfffff80000fc0f80004000240ffe1ffcfffffc0000fc0780000004260ffc1ffcffffe800007807800400004607fc1ffcffffe2000078078000c0020607fc07f9fffffe00007803000102206203fc03f1fffff00200700300001028b301f803e3fffffc00003001000000081301f803e3fffffc0000200000004023db01f803e7fffff980000000000220525f81f803e7fffffa0200000000008800dd80f803c7fffffee000000000040806dcc0f001dffffffeee80000000800014bfc060019ffffff64f80000000008054ffe060019fffffff3ae000000010e110fff000007fffffffffd000000182127cfd780000fffffffffff000000003855dfffc0003fffffffffcf00000400500adf5fe0003ffffffffffee00008007585cf7ff007ffffffffffbe70000000974b8ffffc3ffffffffffffdf60186097a731fffffbffffffffffffff1081b00ffcfbffffffffffffffffffffe0009e5fff77fffffffffffffffffffffef0897fffffffffffffffffffffffffb702e213f5ffffffffffffffff"`;

exports[`ColourModels shall decompose the image in HSV 3`] = `"fffffffffffffff7f0000000003fff03ffffffffffffffe7e0000000003fff03ffffffffffffffffb0000000001fff0bfffffffffffffffff00000000007ff0bfffffffff7ffffffc00000000067ff0bfffffffffdfffffff0000000003fff03ffffffffff7fffffc0000000001fff03ffffffffffbfffffd0000000000f7f03ffffffffffdfffffc00000000007ff0fffffffffffcfffffe00000000003ff1fffffffffffe7fffff00000000003ff1ffffffffffff3ffff800000000001ff2fffffffffffc9bfffe00000000000ff0ffffffffffcc45fffe00000000000ff0fffffff03f8006fffe00000000000ff3fffffff01fe002fffe000000000007f3ffffffe01fe0027ffb000000000107f3ffffffe007c0007ffc00000000000ff3ffffffc00780003ff800000000000ff2ffffffc00780003ff80000000000c7f0ffffff800700003ffe0000000000e7f3ffffff800600009ffe0000000000e7f3ffffff000000005ffe0000000000e7f3ffffff800000005fff0020000000f7f3ffffff000000005ff80020000000e7f2fffffe000040004ffe0000000000f7f0fffffe0000c0004ffe0000000000fbf3fffffe000080000ffe0040000000fff3ffffff000080000ffe00000000007ff3ffffff000180002ffe00000000007ff3ffffff000300002ffe00000000007fc0fffffe00030001affc00000000003fccfffffe00030001a7f000000000003fc8fffffe00020001a7f400000000003fcdffffff00020000a7f000000000007fecffffff0003000027e40000000000ffe8dfffff0007800007f80000000000ffe88fffff0007800007f00000000000ffe88fffff000f800007200000000000ffe88fffff001fc00004980000000000ffefdfffff001fc00007900000000000ffe7ffffff003f80000ac80000000000ffe7ffffff803f80000c840000000000ffe7ffffff803f800001800000000000ffe7ffffff803fc00002a00000000000fff7ffffff807fc00000600000000000dff3ffffff807fc0000f800000000000dff3ffffff80ffc0000a080000000000bff3ffffff80ffc000139000000000003ff3ffffff80ffc0001be000000000007ff2ffffff80ffc0006d3800000000007ff2ffffffcbffc0007d8000000000007ff3ffffffcdffc000ff4000000000807ff3fffffffdffe001ffd00000000140fff3fffffffffff003ff000000000001fff3fffffffffffc03fe300000000003fff2fffffffffffc07fffb002e000007fff2fffffff3fff81fff08002700000ffff3fffffff8fff1ffffd58002c0001ffff3fffffffc3fc3ffffedd51ff800fffff3ffffffff800ffffffdd587fffffffff3ffffffffffffffffffa81bfffffffff2fffffffffffffffffd001bfffffffff0ffffffffffffffffff6007fffffffff3fffffffffffffffff53000bffffffff3fffffffffffffffdfe9803fffffffff3fffffffffffffffffcd001fffffffff2fffffffffffffffff79000fffffffff2ffffffffffffffff7d8001e187fffff0fffffffe003fffffc7800380007ffff3fffffff0fe07fffff6a80000001ffff3ffffffefffc1fffff6c008000007fff3ffffffffffe0fffff6a000000003fff3fffffffffff83ffef7a000000001fff2fffffffffffc1ffdfe8800000000fff0fffffffffffe0ffdff00000000807ff3ffffffffffe60ffffc00000000003ff3ffffffffffe307fffc08000000003ff3ffffffffffe183fbfc00000000001ff3ffffffffffe181f7f808000000001ff2fffffff8ffe104f4f808000000000ff00ffffff07fe004f2b008000000000ff3affffff07fc000747008000000000ff3afffffe03f80027e28080000000007f3afffffe01f000074c0880000000007f3afffffc01f0001028c00000000000ff2afffffc01e0001000000000000000ff00fffffc00e0001000000000000000ff18fffffc00e0000000000000000000ff0ffffffc00c00000000000000000007f0bfffffc00c00088000000000000007f0ffffffc00400088040000000000007f03fffff800400008000000000000007f03fffff800000008000000000000005f0bfffff800000088000000000000001f0bfffff800000088000000000000001f0bfffffe000001dfffff37000000007f1ffffffe000001dfffff37000000007f07fffffe00c001dfffff37800000007f01fffffc00c000dfffff37800000007f08fffffc00c001dfffff37c00000017f0afffffe00c001dfffff33c00000017f1afffffe00e01ffbffff33c0000000ff1affffff00e03fbbffff33c0000000ff02ffffff00e03fbbffff33c0000000ff00ffffff01f03fbfffff1360000000ff00ffffff01f03ff7ffff5160000000ff08ffffff83f83f77ffff19e0000000ff09ffffff83f87f37ffff49b0000000ff09ffffff87f87fe7ffff48b0008001ff01ffffff87fc7e67ffff44c0000001ff01ffffffcffffe4fffff4440000000ff01fffffffffffccfffff62600000009709fffffffffffc8ffffec0200000010700fffffffffff99ffffe70100000000700fffffffffff11ffffe20100000020300ffffffffffe23ffffe10000000000700ffffffbfffe63ffffe60000000000000ffffffffffc47ffffe00000000000000fffff7ffff88ffc7fe00000000000000fffffbfffe10ffcefe00001000000000fffffdbffc01df1b5e00000000000000fffffe000003cf41de00000000000000ffffff80000fbe800600000000000000ffffffe0001eae185e00000000000000ffffffff00ffea002600000000000000ffffffffffeb48024e00000000000000fffffffffa4000000600000000000000"`;

exports[`ColourModels shall decompose the image in LAB 1`] = `"fffffffffffffff70000000000002f01ffffffffffffffe78000000000007f03ffffffffffffffff8000000000007f03ffffffffffffffffc000000000003f03ffffffffffffffffe000000000001f03ffffffffffffffffc000000000003f03fffffffffffffffff000000000003f03fffffffffffffffff000000000001f03ffffffffffdfffffe000000000041f0bffffffffffefffffe000000000030f0bfffffffffff7ffffe000000000018f0bfffffffffff3ffffe80000000001070bfffffffffff9ffffe000000000009703fffffffffffc7fffe000000000009f0bffffffaffff87fffe000000000007f3bffffff83ffc03ffff000000000007f3fffffff01ff003ffff000000000107f3ffffffe00ff0017ffe000000000183f3ffffffe007e001fffa0000000000c3f0ffffffc007c000bffe0000000001c3f0ffffff800f8000fffe0000000000e7f3ffffff800f0000fffe0000000000e7f3ffffff800f0000dffe0000000000e7f3ffffff800600007fff0020000000f7f3ffffff0001e0007fff0020000000f3f2fffffe0000e0007ffe0020000000f3f0fffffe0001c0007fff0000000000fbf2fffffe8001c0002fff0000000000f3f3ffffff000180002fff0000000000fbf3ffffff000380002ffe0000000000fbf3ffffff000780012ffe00000000007fc0fffffe00070001affd01000000003fcffffffe00070001a7e000000000003bcffffffe00030003a7e0000000000063cfffffff00020002a7e00000000000efccffffff00038002a7e00000000000fbc8dfffff0007e00207e00010000000ffe88fffff000fe00007c00010000000ffe88fffff001fe00007800010000000ffec8fffff001ff0000f800000000000ffefdfffff003ff0000e800000000000f7efffffff803fe0000f800000000000f7e7ffffff803ff0000f000000000000fbe7ffffff807ff00007a00000000000efe7ffffff807fe8000f800000000000cfe7ffffff807ff00017c00000000001c7f3ffffff80ffe8001f0000000000008ff3ffffff80ffe8001f0000000004018ff3ffffff80ffe0003f8000000002010ff3ffffff81ffe0003f8000000002001ff2ffffffcfffe0007e000000000f001ff2ffffffcfffe0007d000000000f003ff3ffffffdfffe000fe0000000007807ff3fffffffffff481ffc000000007c07ff3fffffffffffc03ff400000000000fff3fffffffffffe0fff000000000001fff2fffffffffffe1fff800000000003fff0fffffff3fff8ffff80000000000ffff3fffffff9fff1ffffe0000000001ffff3fffffffcffc7ffffc00002f000fffff3ffffffff801ffffff80001fffffffff3fffffffffffffffff00000fffffffff2fffffffffffffffff00000fffffffff0fffffffffffffffff80000fffffffff3ffffffffffffffffffc0007ffffffff3ffffffffffffffffff9000fffffffff3ffffffffffffffffff9000fffffffff2fffffffffffffffffd1000fffffffff2fffffffffffffffffc8001e187fffff0fffffffc007fffffff800300007ffff3fffffff0ff07fffffe000000001ffff3ffffffffffc1fffffc4000000007fff3fffffffffff0fffffc0000000003fff3fffffffffff83ffff40000000001fff2fffffffffffc1ffffc00002000e0fff0fffffffffffe1ffff800004000c07ff3fffffffffffe0ffff00000c001c03ff3ffffffffffff17ffe808000001803ff1ffffffffffff8bfff008010000801ff3ffffffffffff89fff008000000001ff07ffffff9ffffc4f4f008000000000ff00ffffff8ffffc4f0e008000000000ff38ffffff0fff1002000080000000007f38ffffff07ff0224000080000000007f38fffffe03fe0000000080000000007f38fffffe03fc000000000000000000ff08fffffe01f0001000000000000000bf00fffffe01f0001000000000000000bf00fffffc01e00000000000000000003f03fffffc00e00000000000000000003f0bfffffc00e00080000000000000003e01fffffc00e00088000000000000001e01fffffe00e00088000002000000001e01fffffe00c00080000000000000001c01fffffe00800080000000000000001001fffffe00000080000000000000001001fffffe00c003dfffff77800000007f0bfffffe00e003dfffff77c00000007f07fffffe00e003dfffff77c00000007f01fffffe00e007dfffff77c0000003ff00fffffe00e00fdfffff37c0000003ff02fffffe00e00fffffff33e0000003ff02ffffff00e03fffffff33e0000003ff02ffffff00e03fffffff33e0000000ff02ffffff01f03fbfffff13e0000000ff00ffffff03f03fffffff13e0000000ff00ffffff03f87fffffff19f0000000ff00ffffff83f87f77ffff19f0000000fd00ffffff87fc7f37ffff49f000c0004100ffffff87fc7fe7ffff48f801c0004000ffffffcffcfe6fffff44f801c0000000ffffffcfffff4fffff447801c0008000fffffffffffccfffff407801a0000000fffffffffffe9ffffe62380180000000fffffffffff99ffffe001801c0000000fffffffffff53ffffe001c0180000000fffffffffff33ffffe000c0000000000ffffffffffe67fdffe00000000000000ffffffffffcc7fde7e00000000000000ffffffffff88ff060600003000000000fffffbffff11fe060600001800000000fffffdfffc21fe000200000000000000fffffe438003fe000200000000000000ffffff80000f8c000200000000000000ffffffe0001f80000200000000000000ffffffff807e80000200000000000000fffffffffffd00000200000000000000fffffffffff780000200000000000000"`;

exports[`ColourModels shall decompose the image in LAB 2`] = `"fffffffffffffffffffffffffffffffffffffffffb6ffffffffffffffffffffffffffffffd1dbffffffffffffffffffffffffffff40b7dfffffffffffffffffffffffffec8011ffefffffff9ffffffffffffffe00005377ffdffffe8ffffffffffffff8000010d6ffbffffffffffffffffffff00000007df5effff6fffffffffffdffc000000157fdfffffadffffffffff3ff800000005fde7eff963dffffffffebff000000000fffbfff137fffffffffcffe0000000087b90fff01e73bfffffffdfc0000000005fe1fee00101ffffffff3fc000000000b8ebf0400000ffffffff0ec000000000e364eb000100ffffffffdc40000000002648d60000003fffffffca00000000001730b88000003fffffffc300000000007fc0690000001fffffffd500000000001960cf00000003ffffffa0000000000073814a0000001ffffffff0000000000011811200000003fffffff0000000000020b13200000007ffffffd200000000003a60460000000fffffffd800000000000810020000000fffffffc200000000000ba0080000000dffffff40000000000003f00c00000003ffffffe0000000000002c91400000003ffffff60000000000007b01400000007ffffffa0000000000005c13400000003ffffffa00000000000c9c40400000007ffffffe800000000002c083400000003ffffffe0000000000004490000000007ff7ffff4000000001028fe3800000003fffffff400000000140bf21400000003fffffffc00000000020af51c00000003ff7ffff4000000001066fb0800000007ff7ffff80000000010bdc57000000007ff7ffffc000000001a1d73bc00000007fffffffc000000001033ff3c0000000ffffffffc00000000004bfff20000000fff0ffffc00000000017bbf020000000fffdffffc00000000002dee900000001ffff7fffe00000000200bf4560000000ffffffffe00000000001f60080000001ffffffffc000000000087db420000001ffffffffc0000000044467fe20000001ffffffffe000000004019be0c0000001fffffffff000000004001bdf10000003fffffffff80000000013bfffd0000001fffffffff0000000000bf77fc0000003fffffffff0000000100d7f7ff0000007fffffffffc0000001025fff7f0000007fffffffffc0000001009ff7fdd000007fffffffffe00000000b1fefffd000127ffffffffff0000000097ffff5f800513ffffffffff80000003de5fffff4013e7ffffffffffc00000005fffffffc010ffffffffffffc8000001cf7ff6ff6006fffffffffffff00000004f9fffffe9fffffffffffffffc0000048affffdfffffffffffffffffff400000067dfffffffffffffffffffffffa0000817fbf7fffffffffffffffffffff000001ffffffdfffffffffffffffffff20001fffffffffffffffffffffffffff000000173f27bdfffffffffffffdfffe0001486dbf6fdfffffffffffffffffff80000076fd95ffffffffffffffffffff80004437f95bffffffffffffffffffc04000000fef217ffffffffffffffffe0000000887ff3ffd63fffffffffffff0000000069fa81fc620ffffffffffffe00000000166ffff904007ffffffffffc0000000067fe536000003fffffffffd00000000007ffc6e000001fffffffffe00000000076ff2b7000000fffffffffc0000008015fff02c000000fffffffffc000000010f7ffc7a0000007ffffffff80000004a217ffc780000003ffffffff00000000389ffd6f20000003ffffffff0000000238ffffc200000001ffffffff000000020c8ffb9480000001fffffffe00000001202fffdc00000001ffffffee00000001e16fffcc00000000fffffffe0000000095effff800000001fffffffc000000001ffffff800000000fffffffc00000000d7fffeb600000000fffffffc00000000fffffff000000000fffffffc00000000dbfffff400000000fffffff8000000007f5ffffe00000000fffffff8000000007fffffe000000000fffffff8000000001dfffff400000000fffffff8000000006bfffffc00000000fffffff8000000007dffffe4000000007ffffff8000000006f7fffc8000000007ffffff8000000007fffffbc000000007ffffff8000000007fffffbc000000007ffff84000000000003fb788000000007ffffc00000000003adfcb80000000007ffffc00000000000bdfeea0000000007ffffe80000000003f7fff84000000007ffffd00000000007dfebfa400000000fffffc80000000007df7ff90000000007ffffe800000000073ffffb400000000ffffff28000000007ffffea400000000fffffe0000000000dbfffff400000000fffffd6000000000d3ffefb600000001ffffff100000000097bfffe200000001ffffffa0000000005fffffb600000001ffffffc400000000377bffed00000001ffffff620000000043ffffff00000007ffffff9200000001d7ffffff00000007fffffff0000000004fffffff8000000fffffff800000000327bff7fe8000000ffffffe50000000000fffffffc000001fffffff9000000009dffbffff8000001ffffffc8e000000019fffffff6001003ffffffe9c000000002ffffffbf000107fffffff02200000023ff7fffff808007fffffff8800000021d7fffffffc02d6ffffffff8aa00000117bf7ffff7e43fefffffffce180000040ffffffffffe87ffffffff9c4d40000c22ffffffffffffffffffffe05d00000af5f7ffffffffffffffffffec580201823bfffffffffffffffffffff03470801fefffffffffffffffffffffb03110420cfffffffffffffffffffffc0000010000b7fffffffffffffffffff0000000000000000bfd73efbefffffff"`;

exports[`ColourModels shall decompose the image in LAB 3`] = `"000000000000000800000000000000000000000000000008000000000000000000000000000000000040000100000000000000000000000000000025a0000003000000003f80c0000000007e0000000300000007fff00000000003fff00000030000002bfffc90800c0003fffc0000030000007fffff000081008fffff800000000001ffffff2a8220001fffffc00000000007ffffffd90018302fffffc00000000007fffffff70000027ffffff0000000000ffffffff7846f003fffffd0000000000ffffffffd801e00fffffff8000000001ffffffffb03140bfffffff0000000001fffffffff149b85fffffff0000000003fffffffffd9130bfffffff8000000003fffffffff188f07fffffffc000000007ffffffffe823f96fffffff400000000fffffffffee41f37fffffffc00000000ffffffffffcc7fb7fffffff800000000ffffffffffca1eeffffffffc00000000ffffffffffc65ec5fffffff800000001ffffffffff851ffdfffffffd00000001fffffffffff4affdfffffff800000001fffffffffff85ffbfffffffb00000001ffffffffffd40ffbfffffffa00000001ffffffffffd937fbfffffffc00000001ffffffffffa04febffffffff00000001ffffffffffa01ecffffffffc00000001ffffffffff341ffffffffffc00000003ffffffffff82970bfffffffc01080003ffffffffffe217cffffffffc01f80000ffffffffefd0088ffffffffc01f80003ffffffffeff00bebfffffffe01f80001fffffffffde02eeffffffffc01d80001ffffffffff89067ffffffff801f80001ffffffffff4012cffffffff8019c0001ffffffffffa008effffffff801880001ffffffffff8c00cffffffff801980001ffffffffff34001ffffffff001f80001ffffffffff8000fffffffff001f80001ffffffffffd2117ffffffff001fc0001ffffffffffb40bbffffffff000fc0000ffffffffffe08ffffffffff000fc0000fffffffffff045bffffffff0007800007fffffffffb0043ffffffff0000000007fffffffff8401d3fffffff8000000007fffffffff74020ffffffff0004000007ffffffffec40017fffffff0000000007fffffffff400003fffffff0000000003fffffffff280a02ffffffe0000000003ffffffff8810080ffffffe0000000001ffffffffe2019027fffffc0000000000ffffffffca000005fffffc00000000007ffffffe40000020fffff800000000007ffffffc010000007ffff800000000001ffffffe000000003fffe000000000001ffffff8008009009fffa0000000000007ffffe0000000001fff80000000000001ffffa2600000000028000000000000003fb7a800800000000000000000000000013b1808004080000000000000000000000fc02000000000000000000000000000141000000000000000000000000000007ff81deac1d842000000000000000000f7f4224043d4000000000000000000000fdb06030460000000000000000000000bfc0bc865d00000000000000000000107fc97f232de04c000000000000001ffdb76007000c043ff80000000000007ffff0ea80847e05fffe000000000001ffffefab0080b11fffff800000000003fffffff80005aedfffffc00000000007fffffe9c9000ff7fffffe0000000000ffffffff221007dfffffff0000000001fffffff982000ff3ffffff8000000003fffffff5c000078fffffff8000000003fffffff01200078fffffffc000000007fffffffc34003c1fffffffc00000000ffffffffeb80027bfffffffe00000000ffffffffe080007ffffffffe00000000fffffffff0848473ffffffff00000001ffffffffd0a80037ffffffff00000001ffffffffc810025ffffffffe00000003ffffffffe0300027ffffffff00000003ffffffffe812016fffffffff00000003ffffffffe000004fffffffff00000003fffffffff400005fffffffff00000003fffffffff431000fffffffff00000007fffffffff003005fffffffff00000003ffffffffe20000cfffffffff00000007fffffffff40000cbffffffff80000007ffffffffe20010dbffffffff80000007fffffffff000007fffffffff80000007fffffffff08000dbffffffff80000007ffffffffe00100dfffffffff80000007ffffffffff827cffffffffff80000007fffffffff5a0f6fbffffffff80000007fffffffff62459dbffffffff80000007fffffffff4e004fbffffffff80000007ffffffffe60141dfffffffff80000007ffffffffff5c20efffffffff80000007fffffffffe0030cbffffffff00000007fffffffff44901dbffffffff00000007ffffffffe50a40cfffffffff00000003ffffffffed0010ddffffffff00000003ffffffffe978001dffffffff00000003ffffffffe80080fcfffffffe00000003ffffffffdc948016fffffffe00000001fffffffffc0e0006fffffffe00000001fffffffff88164abfffffffc00000001fffffffffc800011fffffffc00000000fffffffffc440809fffffff8000000007ffffffff0002023fffffff8000000007ffffffe70040002fffffff8000000007ffffffe61008002fffffff0000000003ffffffff92020041fffffe0000800001fffffffe40e40000fffffc0000000000ffffffe6c0400008fffff80000000000fffffefbc2a0000c7ffff000000000007ffffffd811000011ffee000000000003ffff7ff080000000f180000000000001fffffcf4800000003fc0000000000000dfffdc404800000006000000000000000ffec3300100000000000000000000001bff4000000100000000000000000000086e548000000000000000000800045fffffffffff612cc00000000001"`;
